// Jest Snapshot v1, https://goo.gl/fbAQLP

exports[`<Icon/> should render correctly. 1`] = `
<FontAwesomeIcon
  color="default"
  icon="fooIconClassName"
  padded="none"
  size="sm"
  theme={
    Object {
      "icon": "iconClassName",
      "icon--big": "bigClassName",
      "icon--color-error": "color-errorClassName",
      "icon--color-primaryBlue": "color-primaryBlueClassName",
      "icon--color-warn": "color-warnClassName",
      "icon--huge": "hugeClassName",
      "icon--large": "largeClassName",
      "icon--paddedLeft": "paddedLeftClassName",
      "icon--paddedRight": "paddedRightClassName",
      "icon--small": "smallClassName",
      "icon--spin": "spinClassName",
      "icon--tiny": "tinyClassName",
    }
  }
/>
`;
