// Jest Snapshot v1, https://goo.gl/fbAQLP

exports[`<MultiSelectBox/> should render correctly. 1`] = `
<div
  className="undefined"
>
  <ul
    className="undefined"
  >
    <Component
      IconButtonComponent={[Function]}
      IconComponent={[Function]}
      ListPreviewElement={[Function]}
      MultiSelectBox_ListPreviewSortable={[Function]}
      SelectBox={[Function]}
      allowEmpty={true}
      dndType="multiselect-box-value"
      onCreateNew={[MockFunction]}
      onValuesChange={[MockFunction]}
      optionValueAccessor={[Function]}
      optionValueField="value"
      values={Array []}
    />
  </ul>
</div>
`;
